// Jest Snapshot v1, https://goo.gl/fbAQLP

exports[`ShortGenerator Not exist itineraryComponent if tagsAdded is false 1`] = `
"<div class=\\"columns bigParent\\"><div class=\\"column void1\\"><router-link-stub to=\\"/\\" tag=\\"a\\" event=\\"click\\"><img src=\\"../../../public/assets/myment-logo.png\\" alt=\\"MYMENT\\" class=\\"is-128x128\\"></router-link-stub></div> <div class=\\"column centerzone is-10\\"><b-field-stub addons=\\"true\\" class=\\"topField\\"><b-taginput-stub usehtml5validation=\\"true\\" value=\\"\\" data=\\"\\" type=\\"is-dark\\" hascounter=\\"true\\" field=\\"value\\" closable=\\"true\\" confirmkeycodes=\\"13,188\\" removeonkeys=\\"8\\" onpasteseparators=\\",\\" beforeadding=\\"function _default() {
        return true;
      }\\" placeholder=\\"Enter the location in 2 tags \\"></b-taginput-stub> <b-radio-button-stub type=\\"is-primary\\">search location</b-radio-button-stub></b-field-stub> <div class=\\"tabWrapper\\"><b-tabs-stub expanded=\\"true\\" type=\\"is-toggle is-danger \\" animated=\\"true\\"><b-tab-item-stub label=\\"short\\" icon=\\"video\\" visible=\\"true\\"><div class=\\"masterContent\\"><div class=\\"itineraryComponent\\"><div class=\\"ideaTableShort\\"><idea-item-stub name=\\"hotel\\" description=\\"lorem ipsum ...\\" start=\\"0\\" end=\\"0\\" location=\\"https://www.google.es\\"></idea-item-stub><idea-item-stub name=\\"hotel\\" description=\\"lorem ipsum ...\\" start=\\"0\\" end=\\"0\\" location=\\"#\\"></idea-item-stub><idea-item-stub name=\\"hotel\\" description=\\"lorem ipsum ...\\" start=\\"0\\" end=\\"0\\" location=\\"#\\"></idea-item-stub><idea-item-stub name=\\"hotel\\" description=\\"lorem ipsum ...\\" start=\\"0\\" end=\\"0\\" location=\\"#\\"></idea-item-stub><idea-item-stub name=\\"hotel\\" description=\\"lorem ipsum ...\\" start=\\"0\\" end=\\"0\\" location=\\"#\\"></idea-item-stub><idea-item-stub name=\\"hotel\\" description=\\"lorem ipsum ...\\" start=\\"0\\" end=\\"0\\" location=\\"#\\"></idea-item-stub><idea-item-stub name=\\"hotel\\" description=\\"lorem ipsum ...\\" start=\\"0\\" end=\\"0\\" location=\\"#\\"></idea-item-stub><idea-item-stub name=\\"hotel\\" description=\\"lorem ipsum ...\\" start=\\"0\\" end=\\"0\\" location=\\"#\\"></idea-item-stub><idea-item-stub name=\\"hotel\\" description=\\"lorem ipsum ...\\" start=\\"0\\" end=\\"0\\" location=\\"#\\"></idea-item-stub><idea-item-stub name=\\"hotel\\" description=\\"lorem ipsum ...\\" start=\\"0\\" end=\\"0\\" location=\\"#\\"></idea-item-stub></div></div></div></b-tab-item-stub> <b-tab-item-stub label=\\"custom\\" icon=\\"library-music\\" visible=\\"true\\"><div class=\\"ideaTableCustom\\"><h1>custom itinerary not available</h1></div></b-tab-item-stub> <b-tab-item-stub label=\\"free\\" icon=\\"video\\" visible=\\"true\\"><div class=\\"ideaTableFree\\"><h1>free itinerary not available</h1></div></b-tab-item-stub></b-tabs-stub></div></div> <div class=\\"column void2\\"><router-link-stub to=\\"/home\\" tag=\\"a\\" event=\\"click\\"><!----></router-link-stub></div></div>"
`;

exports[`ShortGenerator render component 1`] = `
"<div class=\\"columns bigParent\\"><div class=\\"column void1\\"><router-link-stub to=\\"/\\" tag=\\"a\\" event=\\"click\\"><img src=\\"../../../public/assets/myment-logo.png\\" alt=\\"MYMENT\\" class=\\"is-128x128\\"></router-link-stub></div> <div class=\\"column centerzone is-10\\"><b-field-stub addons=\\"true\\" class=\\"topField\\"><b-taginput-stub usehtml5validation=\\"true\\" value=\\"\\" data=\\"\\" type=\\"is-dark\\" hascounter=\\"true\\" field=\\"value\\" closable=\\"true\\" confirmkeycodes=\\"13,188\\" removeonkeys=\\"8\\" onpasteseparators=\\",\\" beforeadding=\\"function _default() {
        return true;
      }\\" placeholder=\\"Enter the location in 2 tags \\"></b-taginput-stub> <b-radio-button-stub type=\\"is-primary\\">search location</b-radio-button-stub></b-field-stub> <div class=\\"tabWrapper\\"><b-tabs-stub expanded=\\"true\\" type=\\"is-toggle is-danger \\" animated=\\"true\\"><b-tab-item-stub label=\\"short\\" icon=\\"video\\" visible=\\"true\\"><div class=\\"masterContent\\"><div class=\\"itineraryComponent\\"><div class=\\"ideaTableShort\\"><idea-item-stub name=\\"hotel\\" description=\\"lorem ipsum ...\\" start=\\"0\\" end=\\"0\\" location=\\"https://www.google.es\\"></idea-item-stub><idea-item-stub name=\\"hotel\\" description=\\"lorem ipsum ...\\" start=\\"0\\" end=\\"0\\" location=\\"#\\"></idea-item-stub><idea-item-stub name=\\"hotel\\" description=\\"lorem ipsum ...\\" start=\\"0\\" end=\\"0\\" location=\\"#\\"></idea-item-stub><idea-item-stub name=\\"hotel\\" description=\\"lorem ipsum ...\\" start=\\"0\\" end=\\"0\\" location=\\"#\\"></idea-item-stub><idea-item-stub name=\\"hotel\\" description=\\"lorem ipsum ...\\" start=\\"0\\" end=\\"0\\" location=\\"#\\"></idea-item-stub><idea-item-stub name=\\"hotel\\" description=\\"lorem ipsum ...\\" start=\\"0\\" end=\\"0\\" location=\\"#\\"></idea-item-stub><idea-item-stub name=\\"hotel\\" description=\\"lorem ipsum ...\\" start=\\"0\\" end=\\"0\\" location=\\"#\\"></idea-item-stub><idea-item-stub name=\\"hotel\\" description=\\"lorem ipsum ...\\" start=\\"0\\" end=\\"0\\" location=\\"#\\"></idea-item-stub><idea-item-stub name=\\"hotel\\" description=\\"lorem ipsum ...\\" start=\\"0\\" end=\\"0\\" location=\\"#\\"></idea-item-stub><idea-item-stub name=\\"hotel\\" description=\\"lorem ipsum ...\\" start=\\"0\\" end=\\"0\\" location=\\"#\\"></idea-item-stub></div></div></div></b-tab-item-stub> <b-tab-item-stub label=\\"custom\\" icon=\\"library-music\\" visible=\\"true\\"><div class=\\"ideaTableCustom\\"><h1>custom itinerary not available</h1></div></b-tab-item-stub> <b-tab-item-stub label=\\"free\\" icon=\\"video\\" visible=\\"true\\"><div class=\\"ideaTableFree\\"><h1>free itinerary not available</h1></div></b-tab-item-stub></b-tabs-stub></div></div> <div class=\\"column void2\\"><router-link-stub to=\\"/home\\" tag=\\"a\\" event=\\"click\\"><!----></router-link-stub></div></div>"
`;
