// Jest Snapshot v1, https://goo.gl/fbAQLP

exports[`PabloEx render component 1`] = `"<div class=\\"wrapper\\"><idea-item-stub name=\\"hotel\\" description=\\"lorem ipsum ...\\" start=\\"0\\" end=\\"0\\" location=\\"#\\"></idea-item-stub><idea-item-stub name=\\"hotel\\" description=\\"lorem ipsum ...\\" start=\\"0\\" end=\\"0\\" location=\\"#\\"></idea-item-stub><idea-item-stub name=\\"hotel\\" description=\\"lorem ipsum ...\\" start=\\"0\\" end=\\"0\\" location=\\"#\\"></idea-item-stub><idea-item-stub name=\\"hotel\\" description=\\"lorem ipsum ...\\" start=\\"0\\" end=\\"0\\" location=\\"#\\"></idea-item-stub><idea-item-stub name=\\"hotel\\" description=\\"lorem ipsum ...\\" start=\\"0\\" end=\\"0\\" location=\\"#\\"></idea-item-stub><idea-item-stub name=\\"hotel\\" description=\\"lorem ipsum ...\\" start=\\"0\\" end=\\"0\\" location=\\"#\\"></idea-item-stub><idea-item-stub name=\\"hotel\\" description=\\"lorem ipsum ...\\" start=\\"0\\" end=\\"0\\" location=\\"#\\"></idea-item-stub><idea-item-stub name=\\"hotel\\" description=\\"lorem ipsum ...\\" start=\\"0\\" end=\\"0\\" location=\\"#\\"></idea-item-stub><idea-item-stub name=\\"hotel\\" description=\\"lorem ipsum ...\\" start=\\"0\\" end=\\"0\\" location=\\"#\\"></idea-item-stub></div>"`;
