// Jest Snapshot v1, https://goo.gl/fbAQLP

exports[`Home render component 1`] = `"<div class=\\"homeWrapper\\"><div class=\\"homeHeader\\"><mobile-menu-stub right=\\"\\" class=\\"is-hidden-desktop\\"></mobile-menu-stub> <div class=\\"columns\\"><div class=\\"column is-2 is-fullwidth is-gapless\\"><router-link-stub to=\\"/\\" tag=\\"a\\" event=\\"click\\"><figure class=\\"image is-128x128 centering is-hidden-tablet\\"><img src=\\"../../../public/assets/myment-logo.png\\"></figure></router-link-stub></div> <div class=\\"column is-9 centering is-gapless\\"><news-bar-stub newnews=\\"if you are watching this, some error may has happened or its just a random text for test it. Use the 'newNews' prop for change me. We will show in this bar some useful stuff\\"></news-bar-stub></div> <div class=\\"column is-1 is-hidden-mobile\\"><router-link-stub to=\\"/\\" tag=\\"a\\" event=\\"click\\"><figure class=\\"image is-128x128 centering\\"><img src=\\"../../../public/assets/myment-logo.png\\"></figure></router-link-stub></div></div></div> <div class=\\"homeContainer\\"><div id=\\"app\\"><desktop-menu-stub left=\\"\\" class=\\"is-hidden-mobile\\"><quick-menu-stub></quick-menu-stub></desktop-menu-stub> <main id=\\"page-wrap\\"><div class=\\"columns\\"><div class=\\"column is-1\\"></div> <div class=\\"column is-8\\"><div class=\\"centerWrapper\\"><map-layer-stub></map-layer-stub> <div class=\\"columns buttonsWrapper is-hidden-mobile\\"><div class=\\"column is-4\\"><router-link-stub to=\\"/short\\" tag=\\"a\\" event=\\"click\\"><button class=\\"button is-black is-large is-fullwidth\\">ITINERARIES</button></router-link-stub></div> <div class=\\"column is-4\\"><router-link-stub to=\\"idea-add\\" tag=\\"a\\" event=\\"click\\"><button class=\\"button is-black is-large is-fullwidth\\">ADD IDEAS</button></router-link-stub></div> <div class=\\"column is-4\\"><router-link-stub to=\\"/\\" tag=\\"a\\" event=\\"click\\"><button class=\\"button is-black is-large is-fullwidth\\">EXPLORE</button></router-link-stub></div></div></div></div> <div class=\\"column is-1 is-hidden-mobile\\"></div></div></main></div></div></div>"`;
