// Jest Snapshot v1, https://goo.gl/fbAQLP

exports[`UserProfile render component 1`] = `"<div class=\\"userContainer\\"><div class=\\"profile\\"></div></div>"`;
