// Jest Snapshot v1, https://goo.gl/fbAQLP

exports[`IdeaAdder render component 1`] = `"<div class=\\"ideaContainer\\"><h1>idea</h1></div>"`;
