// Jest Snapshot v1, https://goo.gl/fbAQLP

exports[`AnimLogo render component 1`] = `"<div class=\\"logo\\"></div>"`;
