// Jest Snapshot v1, https://goo.gl/fbAQLP

exports[`Button render component 1`] = `"<button class=\\"Button generateStyle\\">Boton</button>"`;
