// Jest Snapshot v1, https://goo.gl/fbAQLP

exports[`IdeaForm render component 1`] = `"<div></div>"`;
