// Jest Snapshot v1, https://goo.gl/fbAQLP

exports[`Map render component 1`] = `"<img src=\\"../../public/assets/map.png\\" alt=\\"map example\\">"`;
