// Jest Snapshot v1, https://goo.gl/fbAQLP

exports[`SideMenu render component 1`] = `undefined`;
