// Jest Snapshot v1, https://goo.gl/fbAQLP

exports[`UserCard render component 1`] = `undefined`;
