// Jest Snapshot v1, https://goo.gl/fbAQLP

exports[`TagAdder render component 1`] = `"<div><div class=\\"warning\\"><router-link to=\\"/short\\"><button class=\\"button is-large is-danger\\">WARNING NO LOCATION ADDED</button></router-link></div></div>"`;
