// Jest Snapshot v1, https://goo.gl/fbAQLP

exports[`LandingPage render component 1`] = `"<div class=\\"columns is-centered landingParent\\"><div class=\\"mustBeOnTop\\"><sign-menu-stub></sign-menu-stub></div> <main id=\\"page-wrap\\"><parallax-container-stub class=\\"childWrapper\\"><parallax-element-stub type=\\"depth\\" parallaxstrength=\\"10\\"><div class=\\"columns\\"><div class=\\"column is-1\\"></div> <div class=\\"column is-4\\"><div class=\\"columnContent\\"><parallax-container-stub><parallax-element-stub type=\\"depth\\" parallaxstrength=\\"10\\"><div class=\\"imageWrappergif\\"><img src=\\"../../assets/giphy.gif\\"></div></parallax-element-stub></parallax-container-stub> <parallax-container-stub><parallax-element-stub type=\\"depth\\" parallaxstrength=\\"10\\"><h1 class=\\"title is-1 is-white myment\\">M Y M E N T</h1></parallax-element-stub></parallax-container-stub></div></div> <div class=\\"column is-8\\"><div class=\\"sloganWrapper\\"><parallax-container-stub><parallax-element-stub type=\\"depth\\" parallaxstrength=\\"20\\"><h1 class=\\"title is-3 is-white\\">Start using the best itinerary generator</h1></parallax-element-stub></parallax-container-stub> <parallax-container-stub><parallax-element-stub type=\\"depth\\" parallaxstrength=\\"15\\"><h2 class=\\"subtitle is-3 is-white\\">Discover that city where you have never been, now easier with myment, just by adding your preferences. Start now quicker than ever and without loggin.</h2></parallax-element-stub></parallax-container-stub> <parallax-container-stub><parallax-element-stub type=\\"depth\\" parallaxstrength=\\"15\\"><router-link-stub to=\\"/short\\" tag=\\"a\\" event=\\"click\\"><button class=\\"button main is-large is-fullwidth is-warning is-rounded is-focused\\">LET'S GO FOR IT</button></router-link-stub></parallax-element-stub></parallax-container-stub></div></div></div></parallax-element-stub></parallax-container-stub></main></div>"`;
